waiting for client
connected
completed read
completed write
passed test/network-server
